BL51 BANKED LINKER/LOCATER V6.22.2.0                                                    07/03/2022  22:01:12  PAGE 1


BL51 BANKED LINKER/LOCATER V6.22.2.0, INVOKED BY:
E:\KEIL\C51\BIN\BL51.EXE .\Objects\delay.obj, .\Objects\main.obj TO .\Objects\test PRINT (.\Listings\test.m51) RAMSIZE (
>> 256)


MEMORY MODEL: SMALL


INPUT MODULES INCLUDED:
  .\Objects\delay.obj (DELAY)
  .\Objects\main.obj (MAIN)
  E:\KEIL\C51\LIB\C51S.LIB (?C_STARTUP)
  E:\KEIL\C51\LIB\C51S.LIB (?C_INIT)


LINK MAP OF MODULE:  .\Objects\test (DELAY)


            TYPE    BASE      LENGTH    RELOCATION   SEGMENT NAME
            -----------------------------------------------------

            * * * * * * *   D A T A   M E M O R Y   * * * * * * *
            REG     0000H     0008H     ABSOLUTE     "REG BANK 0"
            DATA    0008H     0023H     UNIT         ?DT?MAIN
            IDATA   002BH     0001H     UNIT         ?STACK

            * * * * * * *   C O D E   M E M O R Y   * * * * * * *
            CODE    0000H     0003H     ABSOLUTE     
                    0003H     07FDH                  *** GAP ***
            CODE    0800H     0166H     UNIT         ?PR?MAIN?MAIN
            CODE    0966H     008CH     UNIT         ?C_C51STARTUP
            CODE    09F2H     0074H     UNIT         ?PR?_DISPLAY?MAIN
            CODE    0A66H     002EH     UNIT         ?C_INITSEG
            CODE    0A94H     0020H     UNIT         ?PR?_DELAY_MS?DELAY



OVERLAY MAP OF MODULE:   .\Objects\test (DELAY)


SEGMENT
  +--> CALLED SEGMENT
---------------------
?C_C51STARTUP
  +--> ?PR?MAIN?MAIN
  +--> ?C_INITSEG

?PR?MAIN?MAIN
  +--> ?PR?_DISPLAY?MAIN
  +--> ?PR?_DELAY_MS?DELAY



SYMBOL TABLE OF MODULE:  .\Objects\test (DELAY)

  VALUE           TYPE          NAME
  ----------------------------------

BL51 BANKED LINKER/LOCATER V6.22.2.0                                                  07/03/2022  22:01:12  PAGE 2


  -------         MODULE        DELAY
  C:0000H         SYMBOL        _ICE_DUMMY_
  C:0A94H         PUBLIC        _delay_ms
  -------         PROC          _DELAY_MS
  D:0006H         SYMBOL        n
  -------         DO            
  D:0004H         SYMBOL        i
  -------         ENDDO         
  C:0A94H         LINE#         1
  C:0A94H         LINE#         2
  C:0A94H         LINE#         4
  C:0A9EH         LINE#         5
  C:0A9EH         LINE#         6
  C:0AB3H         LINE#         7
  C:0AB3H         LINE#         8
  -------         ENDPROC       _DELAY_MS
  -------         ENDMOD        DELAY

  -------         MODULE        MAIN
  C:0000H         SYMBOL        _ICE_DUMMY_
  D:0080H         PUBLIC        P0
  B:00A0H.2       PUBLIC        P2_2
  B:00A0H.3       PUBLIC        P2_3
  B:00A0H.4       PUBLIC        P2_4
  C:0800H         PUBLIC        main
  D:0008H         PUBLIC        a
  D:001CH         PUBLIC        b
  D:0028H         PUBLIC        i
  D:0029H         PUBLIC        j
  D:002AH         PUBLIC        n
  C:0A00H         PUBLIC        _display
  C:09F2H         SYMBOL        L?0028
  -------         PROC          L?0027
  -------         ENDPROC       L?0027
  C:09F2H         SYMBOL        L?0028
  -------         PROC          _DISPLAY
  D:0007H         SYMBOL        L
  D:0004H         SYMBOL        num
  C:0A00H         LINE#         8
  C:0A00H         LINE#         9
  C:0A00H         LINE#         10
  C:0A2DH         LINE#         11
  C:0A2DH         LINE#         12
  C:0A31H         LINE#         13
  C:0A35H         LINE#         14
  C:0A39H         LINE#         15
  C:0A3DH         LINE#         16
  C:0A45H         LINE#         17
  C:0A4DH         LINE#         18
  C:0A55H         LINE#         19
  C:0A5BH         LINE#         20
  C:0A5BH         LINE#         21
  C:0A65H         LINE#         22
  -------         ENDPROC       _DISPLAY
  -------         PROC          MAIN
  C:0800H         LINE#         23
  C:0800H         LINE#         24
BL51 BANKED LINKER/LOCATER V6.22.2.0                                                  07/03/2022  22:01:12  PAGE 3


  C:0800H         LINE#         25
  C:080BH         LINE#         26
  C:080BH         LINE#         27
  C:080EH         LINE#         28
  C:0815H         LINE#         29
  C:0818H         LINE#         30
  C:081EH         LINE#         31
  C:082FH         LINE#         32
  C:0836H         LINE#         33
  C:0839H         LINE#         34
  C:083FH         LINE#         35
  C:0850H         LINE#         36
  C:0857H         LINE#         37
  C:085AH         LINE#         38
  C:0860H         LINE#         40
  C:0862H         LINE#         41
  C:0864H         LINE#         42
  C:0867H         LINE#         43
  C:0869H         LINE#         44
  C:0874H         LINE#         45
  C:0874H         LINE#         46
  C:0877H         LINE#         47
  C:0877H         LINE#         48
  C:0882H         LINE#         49
  C:0882H         LINE#         50
  C:0885H         LINE#         51
  C:088CH         LINE#         52
  C:088FH         LINE#         53
  C:0895H         LINE#         54
  C:08A6H         LINE#         55
  C:08ADH         LINE#         56
  C:08B0H         LINE#         57
  C:08B6H         LINE#         58
  C:08C7H         LINE#         59
  C:08CEH         LINE#         60
  C:08D1H         LINE#         61
  C:08D7H         LINE#         63
  C:08D9H         LINE#         64
  C:08DBH         LINE#         65
  C:08DEH         LINE#         66
  C:08E0H         LINE#         67
  C:08EBH         LINE#         68
  C:08EBH         LINE#         69
  C:08EEH         LINE#         70
  C:08EEH         LINE#         71
  C:08F9H         LINE#         72
  C:08F9H         LINE#         73
  C:08FCH         LINE#         74
  C:0903H         LINE#         75
  C:0906H         LINE#         76
  C:090CH         LINE#         77
  C:091DH         LINE#         78
  C:0924H         LINE#         79
  C:0927H         LINE#         80
  C:092DH         LINE#         81
  C:093EH         LINE#         82
  C:0945H         LINE#         83
BL51 BANKED LINKER/LOCATER V6.22.2.0                                                  07/03/2022  22:01:12  PAGE 4


  C:0948H         LINE#         84
  C:094EH         LINE#         86
  C:0950H         LINE#         87
  C:0952H         LINE#         88
  C:0955H         LINE#         89
  C:0957H         LINE#         90
  C:0962H         LINE#         91
  C:0962H         LINE#         92
  C:0965H         LINE#         93
  C:0965H         LINE#         95
  -------         ENDPROC       MAIN
  -------         ENDMOD        MAIN

******************************************************************************
* RESTRICTED VERSION WITH 0800H BYTE CODE SIZE LIMIT; USED: 0227H BYTE (26%) *
******************************************************************************

Program Size: data=44.0 xdata=0 code=695
LINK/LOCATE RUN COMPLETE.  0 WARNING(S),  0 ERROR(S)
